Loaded module: cuda/12.4
/zhome/a3/8/228951/.lsbatch/1771667746.27874139.1.shell: line 16: ${{MY_PATH}}:{{PYTHON_PATH:-}}: bad substitution
This is LSF task 1, run number 1
/dtu/projects/dbl/LigandMPNN/25.3.1-0/miniforge3/envs/ligandmpnn_env/lib/python3.11/site-packages/prody/utilities/misctools.py:424: UserWarning: pkg_resources is deprecated as an API. See https://setuptools.pypa.io/en/latest/pkg_resources.html. The pkg_resources package is slated for removal as early as 2025-11-30. Refrain from using this package or pin to Setuptools<81.
  import pkg_resources
Designing protein from this path: /work3/kiersum/projects/enzyme_design/hydrolases/serine_hydrolase/rd1/diffusion_out/5XH3/5XH3_5XH3_0_model_0.cif.gz
These residues will be redesigned:  ['A1', 'A2', 'A3', 'A4', 'A5', 'A6', 'A7', 'A8', 'A9', 'A10', 'A11', 'A12', 'A13', 'A14', 'A15', 'A16', 'A17', 'A18', 'A19', 'A20', 'A21', 'A22', 'A23', 'A24', 'A25', 'A26', 'A27', 'A28', 'A29', 'A30', 'A31', 'A32', 'A33', 'A34', 'A35', 'A36', 'A37', 'A38', 'A39', 'A40', 'A41', 'A42', 'A43', 'A44', 'A45', 'A46', 'A47', 'A48', 'A49', 'A50', 'A51', 'A52', 'A53', 'A54', 'A55', 'A56', 'A57', 'A58', 'A59', 'A60', 'A61', 'A62', 'A63', 'A64', 'A65', 'A66', 'A67', 'A68', 'A69', 'A70', 'A71', 'A72', 'A73', 'A74', 'A75', 'A76', 'A77', 'A78', 'A79', 'A80', 'A81', 'A82', 'A83', 'A84', 'A85', 'A86', 'A87', 'A88', 'A89', 'A90', 'A91', 'A92', 'A93', 'A94', 'A95', 'A96', 'A97', 'A98', 'A99', 'A100', 'A101', 'A102', 'A103', 'A104', 'A105', 'A106', 'A107', 'A108', 'A110', 'A111', 'A112', 'A113', 'A114', 'A115', 'A116', 'A117', 'A118', 'A119', 'A120', 'A121', 'A122', 'A123', 'A124', 'A125', 'A126', 'A127', 'A128', 'A129', 'A130', 'A131', 'A132', 'A133', 'A134', 'A135', 'A136', 'A137', 'A138', 'A139', 'A140', 'A141', 'A142', 'A143', 'A145', 'A146', 'A147', 'A148', 'A149', 'A150', 'A151', 'A152', 'A153', 'A154', 'A155', 'A156', 'A157', 'A158', 'A159', 'A160', 'A161', 'A162', 'A163', 'A164', 'A165', 'A166', 'A167', 'A168', 'A169', 'A170', 'A171', 'A172', 'A173', 'A174', 'A175', 'A176', 'A177', 'A178', 'A179', 'A180', 'A182', 'A183', 'A184', 'A185', 'A186', 'A187', 'A188', 'A189', 'A190', 'A191', 'A192', 'A193', 'A194', 'A195', 'A196', 'A197', 'A198', 'A199', 'A200', 'A201', 'A202', 'A203', 'A204', 'A205', 'A206', 'A207', 'A208', 'A209', 'A210', 'A211', 'A212', 'A213', 'A214', 'A215', 'A216', 'A217', 'A218', 'A219', 'A220', 'A221', 'A222', 'A223', 'A224', 'A225', 'A226', 'A227', 'A228', 'A229', 'A230']
These residues will be fixed:  ['A109', 'A144', 'A181']
The number of ligand atoms parsed is equal to: 16
Type: C, Coords [-2.234375 -5.5       4.53125 ], Mask 1
Type: O, Coords [-1.5234375 -4.65625    3.640625 ], Mask 1
Type: C, Coords [-2.078125 -4.5       2.359375], Mask 1
Type: O, Coords [-3.125    -5.03125   2.109375], Mask 1
Type: C, Coords [-1.4765625 -3.46875    1.4453125], Mask 1
Type: C, Coords [-0.34375  -2.796875  1.859375], Mask 1
Type: C, Coords [ 0.20800781 -1.859375    0.984375  ], Mask 1
Type: C, Coords [-0.39257812 -1.5390625  -0.22851562], Mask 1
Type: C, Coords [ 0.13769531 -0.3203125  -1.0078125 ], Mask 1
Type: O, Coords [ 1.2109375  -0.33007812 -1.5078125 ], Mask 1
Type: O, Coords [-0.72265625  0.77734375 -1.171875  ], Mask 1
Type: C, Coords [-0.40625    2.        -1.7265625], Mask 1
Type: C, Coords [-1.4375    2.140625 -2.8125  ], Mask 1
Type: O, Coords [-0.70703125  2.546875   -3.90625   ], Mask 1
Type: C, Coords [-1.5859375  -2.140625   -0.61328125], Mask 1
Type: C, Coords [-2.109375   -3.125       0.23339844], Mask 1
This is LSF task 1, run number 2
/dtu/projects/dbl/LigandMPNN/25.3.1-0/miniforge3/envs/ligandmpnn_env/lib/python3.11/site-packages/prody/utilities/misctools.py:424: UserWarning: pkg_resources is deprecated as an API. See https://setuptools.pypa.io/en/latest/pkg_resources.html. The pkg_resources package is slated for removal as early as 2025-11-30. Refrain from using this package or pin to Setuptools<81.
  import pkg_resources
Designing protein from this path: /work3/kiersum/projects/enzyme_design/hydrolases/serine_hydrolase/rd1/diffusion_out/5XH3/5XH3_5XH3_0_model_1.cif.gz
These residues will be redesigned:  ['A1', 'A2', 'A3', 'A4', 'A5', 'A6', 'A7', 'A8', 'A9', 'A10', 'A11', 'A12', 'A13', 'A14', 'A15', 'A16', 'A17', 'A18', 'A19', 'A20', 'A21', 'A22', 'A23', 'A24', 'A25', 'A26', 'A27', 'A28', 'A29', 'A30', 'A31', 'A32', 'A33', 'A34', 'A35', 'A36', 'A37', 'A38', 'A39', 'A40', 'A41', 'A42', 'A43', 'A44', 'A45', 'A46', 'A47', 'A48', 'A49', 'A50', 'A51', 'A52', 'A53', 'A54', 'A55', 'A56', 'A57', 'A58', 'A59', 'A60', 'A61', 'A62', 'A63', 'A64', 'A65', 'A66', 'A67', 'A68', 'A69', 'A70', 'A71', 'A72', 'A73', 'A74', 'A75', 'A76', 'A77', 'A78', 'A79', 'A80', 'A81', 'A82', 'A83', 'A84', 'A85', 'A86', 'A87', 'A88', 'A89', 'A90', 'A91', 'A92', 'A93', 'A94', 'A95', 'A96', 'A97', 'A98', 'A99', 'A100', 'A101', 'A102', 'A103', 'A104', 'A105', 'A106', 'A107', 'A108', 'A110', 'A111', 'A112', 'A113', 'A114', 'A115', 'A116', 'A117', 'A118', 'A119', 'A120', 'A121', 'A122', 'A123', 'A124', 'A125', 'A126', 'A127', 'A128', 'A129', 'A130', 'A131', 'A132', 'A133', 'A134', 'A135', 'A136', 'A137', 'A138', 'A139', 'A140', 'A141', 'A142', 'A143', 'A145', 'A146', 'A147', 'A148', 'A149', 'A150', 'A151', 'A152', 'A153', 'A154', 'A155', 'A156', 'A157', 'A158', 'A159', 'A160', 'A161', 'A162', 'A163', 'A164', 'A165', 'A166', 'A167', 'A168', 'A169', 'A170', 'A171', 'A172', 'A173', 'A174', 'A175', 'A176', 'A177', 'A178', 'A179', 'A180', 'A182', 'A183', 'A184', 'A185', 'A186', 'A187', 'A188', 'A189', 'A190', 'A191', 'A192', 'A193', 'A194', 'A195', 'A196', 'A197', 'A198', 'A199', 'A200', 'A201', 'A202', 'A203', 'A204', 'A205', 'A206', 'A207', 'A208', 'A209', 'A210', 'A211', 'A212', 'A213', 'A214', 'A215', 'A216', 'A217', 'A218', 'A219', 'A220', 'A221', 'A222', 'A223', 'A224', 'A225', 'A226', 'A227', 'A228', 'A229', 'A230']
These residues will be fixed:  ['A109', 'A144', 'A181']
The number of ligand atoms parsed is equal to: 16
Type: C, Coords [-2.234375 -5.5       4.53125 ], Mask 1
Type: O, Coords [-1.5234375 -4.65625    3.640625 ], Mask 1
Type: C, Coords [-2.078125 -4.5       2.359375], Mask 1
Type: O, Coords [-3.125    -5.03125   2.109375], Mask 1
Type: C, Coords [-1.4765625 -3.46875    1.4453125], Mask 1
Type: C, Coords [-0.34375  -2.796875  1.859375], Mask 1
Type: C, Coords [ 0.20800781 -1.859375    0.984375  ], Mask 1
Type: C, Coords [-0.39257812 -1.5390625  -0.22851562], Mask 1
Type: C, Coords [ 0.13769531 -0.3203125  -1.0078125 ], Mask 1
Type: O, Coords [ 1.2109375  -0.33007812 -1.5078125 ], Mask 1
Type: O, Coords [-0.72265625  0.77734375 -1.171875  ], Mask 1
Type: C, Coords [-0.40625    2.        -1.7265625], Mask 1
Type: C, Coords [-1.4375    2.140625 -2.8125  ], Mask 1
Type: O, Coords [-0.70703125  2.546875   -3.90625   ], Mask 1
Type: C, Coords [-1.5859375  -2.140625   -0.61328125], Mask 1
Type: C, Coords [-2.109375   -3.125       0.23339844], Mask 1
This is LSF task 1, run number 3
/dtu/projects/dbl/LigandMPNN/25.3.1-0/miniforge3/envs/ligandmpnn_env/lib/python3.11/site-packages/prody/utilities/misctools.py:424: UserWarning: pkg_resources is deprecated as an API. See https://setuptools.pypa.io/en/latest/pkg_resources.html. The pkg_resources package is slated for removal as early as 2025-11-30. Refrain from using this package or pin to Setuptools<81.
  import pkg_resources
Designing protein from this path: /work3/kiersum/projects/enzyme_design/hydrolases/serine_hydrolase/rd1/diffusion_out/5XH3/5XH3_5XH3_1_model_1.cif.gz
These residues will be redesigned:  ['A1', 'A2', 'A3', 'A4', 'A5', 'A6', 'A7', 'A8', 'A9', 'A10', 'A11', 'A12', 'A13', 'A14', 'A15', 'A16', 'A17', 'A18', 'A19', 'A20', 'A21', 'A22', 'A23', 'A24', 'A25', 'A26', 'A27', 'A28', 'A29', 'A30', 'A31', 'A32', 'A33', 'A34', 'A35', 'A36', 'A37', 'A38', 'A39', 'A40', 'A41', 'A42', 'A43', 'A44', 'A45', 'A46', 'A47', 'A48', 'A49', 'A50', 'A51', 'A52', 'A53', 'A54', 'A55', 'A56', 'A57', 'A58', 'A59', 'A60', 'A61', 'A62', 'A63', 'A64', 'A65', 'A66', 'A67', 'A68', 'A69', 'A70', 'A71', 'A72', 'A73', 'A74', 'A75', 'A76', 'A77', 'A78', 'A79', 'A80', 'A81', 'A82', 'A83', 'A84', 'A85', 'A86', 'A87', 'A88', 'A89', 'A90', 'A91', 'A92', 'A93', 'A94', 'A95', 'A96', 'A97', 'A98', 'A99', 'A100', 'A101', 'A102', 'A103', 'A104', 'A105', 'A106', 'A107', 'A108', 'A110', 'A111', 'A112', 'A113', 'A114', 'A115', 'A116', 'A117', 'A118', 'A119', 'A120', 'A121', 'A122', 'A123', 'A124', 'A125', 'A126', 'A127', 'A128', 'A129', 'A130', 'A131', 'A132', 'A133', 'A134', 'A135', 'A136', 'A137', 'A138', 'A139', 'A140', 'A141', 'A142', 'A143', 'A144', 'A145', 'A146', 'A147', 'A148', 'A149', 'A151', 'A152', 'A153', 'A154', 'A155', 'A156', 'A157', 'A158', 'A159', 'A160', 'A161', 'A162', 'A163', 'A164', 'A165', 'A166', 'A167', 'A168', 'A169', 'A170', 'A171', 'A172', 'A173', 'A174', 'A175', 'A176', 'A177', 'A178', 'A179', 'A180', 'A182', 'A183', 'A184', 'A185', 'A186', 'A187', 'A188', 'A189', 'A190', 'A191', 'A192', 'A193', 'A194', 'A195', 'A196', 'A197', 'A198', 'A199', 'A200', 'A201', 'A202', 'A203', 'A204', 'A205', 'A206', 'A207', 'A208', 'A209', 'A210', 'A211', 'A212', 'A213', 'A214', 'A215', 'A216', 'A217', 'A218', 'A219', 'A220', 'A221', 'A222', 'A223', 'A224', 'A225', 'A226', 'A227', 'A228', 'A229', 'A230', 'A231', 'A232', 'A233', 'A234', 'A235', 'A236', 'A237', 'A238', 'A239', 'A240', 'A241']
These residues will be fixed:  ['A109', 'A150', 'A181']
The number of ligand atoms parsed is equal to: 16
Type: C, Coords [-2.234375 -5.5       4.53125 ], Mask 1
Type: O, Coords [-1.5234375 -4.65625    3.640625 ], Mask 1
Type: C, Coords [-2.078125 -4.5       2.359375], Mask 1
Type: O, Coords [-3.125    -5.03125   2.109375], Mask 1
Type: C, Coords [-1.4765625 -3.46875    1.4453125], Mask 1
Type: C, Coords [-0.34375  -2.796875  1.859375], Mask 1
Type: C, Coords [ 0.20800781 -1.859375    0.984375  ], Mask 1
Type: C, Coords [-0.39257812 -1.5390625  -0.22851562], Mask 1
Type: C, Coords [ 0.13769531 -0.3203125  -1.0078125 ], Mask 1
Type: O, Coords [ 1.2109375  -0.33007812 -1.5078125 ], Mask 1
Type: O, Coords [-0.72265625  0.77734375 -1.171875  ], Mask 1
Type: C, Coords [-0.40625    2.        -1.7265625], Mask 1
Type: C, Coords [-1.4375    2.140625 -2.8125  ], Mask 1
Type: O, Coords [-0.70703125  2.546875   -3.90625   ], Mask 1
Type: C, Coords [-1.5859375  -2.140625   -0.61328125], Mask 1
Type: C, Coords [-2.109375   -3.125       0.23339844], Mask 1
This is LSF task 1, run number 4
/dtu/projects/dbl/LigandMPNN/25.3.1-0/miniforge3/envs/ligandmpnn_env/lib/python3.11/site-packages/prody/utilities/misctools.py:424: UserWarning: pkg_resources is deprecated as an API. See https://setuptools.pypa.io/en/latest/pkg_resources.html. The pkg_resources package is slated for removal as early as 2025-11-30. Refrain from using this package or pin to Setuptools<81.
  import pkg_resources
Designing protein from this path: /work3/kiersum/projects/enzyme_design/hydrolases/serine_hydrolase/rd1/diffusion_out/5XH3/5XH3_5XH3_2_model_0.cif.gz
These residues will be redesigned:  ['A1', 'A2', 'A3', 'A4', 'A5', 'A6', 'A7', 'A8', 'A9', 'A10', 'A11', 'A12', 'A13', 'A14', 'A15', 'A16', 'A17', 'A18', 'A19', 'A20', 'A21', 'A22', 'A23', 'A24', 'A25', 'A26', 'A27', 'A28', 'A29', 'A30', 'A31', 'A32', 'A33', 'A34', 'A35', 'A36', 'A37', 'A38', 'A39', 'A40', 'A41', 'A42', 'A43', 'A44', 'A45', 'A46', 'A47', 'A48', 'A49', 'A50', 'A51', 'A52', 'A53', 'A54', 'A55', 'A56', 'A57', 'A58', 'A59', 'A60', 'A61', 'A62', 'A63', 'A64', 'A65', 'A66', 'A67', 'A68', 'A69', 'A70', 'A71', 'A72', 'A73', 'A74', 'A75', 'A76', 'A77', 'A78', 'A79', 'A80', 'A81', 'A82', 'A83', 'A84', 'A85', 'A86', 'A87', 'A88', 'A89', 'A90', 'A91', 'A93', 'A94', 'A95', 'A96', 'A97', 'A98', 'A99', 'A100', 'A101', 'A102', 'A103', 'A104', 'A105', 'A106', 'A107', 'A108', 'A109', 'A110', 'A111', 'A112', 'A113', 'A114', 'A115', 'A116', 'A117', 'A118', 'A119', 'A120', 'A122', 'A123', 'A124', 'A125', 'A126', 'A127', 'A128', 'A129', 'A130', 'A131', 'A132', 'A133', 'A134', 'A135', 'A136', 'A137', 'A138', 'A139', 'A140', 'A141', 'A142', 'A143', 'A145', 'A146', 'A147', 'A148', 'A149', 'A150', 'A151', 'A152', 'A153', 'A154', 'A155', 'A156', 'A157', 'A158', 'A159', 'A160', 'A161', 'A162', 'A163', 'A164', 'A165', 'A166', 'A167', 'A168', 'A169', 'A170', 'A171', 'A172', 'A173', 'A174', 'A175', 'A176', 'A177', 'A178', 'A179', 'A180', 'A181', 'A182', 'A183', 'A184', 'A185', 'A186', 'A187', 'A188', 'A189', 'A190', 'A191', 'A192', 'A193', 'A194', 'A195', 'A196', 'A197', 'A198', 'A199', 'A200', 'A201', 'A202', 'A203', 'A204']
These residues will be fixed:  ['A92', 'A121', 'A144']
The number of ligand atoms parsed is equal to: 16
Type: C, Coords [-2.234375 -5.5       4.53125 ], Mask 1
Type: O, Coords [-1.5234375 -4.65625    3.640625 ], Mask 1
Type: C, Coords [-2.078125 -4.5       2.359375], Mask 1
Type: O, Coords [-3.125    -5.03125   2.109375], Mask 1
Type: C, Coords [-1.4765625 -3.46875    1.4453125], Mask 1
Type: C, Coords [-0.34375  -2.796875  1.859375], Mask 1
Type: C, Coords [ 0.20800781 -1.859375    0.984375  ], Mask 1
Type: C, Coords [-0.39257812 -1.5390625  -0.22851562], Mask 1
Type: C, Coords [ 0.13769531 -0.3203125  -1.0078125 ], Mask 1
Type: O, Coords [ 1.2109375  -0.33007812 -1.5078125 ], Mask 1
Type: O, Coords [-0.72265625  0.77734375 -1.171875  ], Mask 1
Type: C, Coords [-0.40625    2.        -1.7265625], Mask 1
Type: C, Coords [-1.4375    2.140625 -2.8125  ], Mask 1
Type: O, Coords [-0.70703125  2.546875   -3.90625   ], Mask 1
Type: C, Coords [-1.5859375  -2.140625   -0.61328125], Mask 1
Type: C, Coords [-2.109375   -3.125       0.23339844], Mask 1
This is LSF task 1, run number 5
/dtu/projects/dbl/LigandMPNN/25.3.1-0/miniforge3/envs/ligandmpnn_env/lib/python3.11/site-packages/prody/utilities/misctools.py:424: UserWarning: pkg_resources is deprecated as an API. See https://setuptools.pypa.io/en/latest/pkg_resources.html. The pkg_resources package is slated for removal as early as 2025-11-30. Refrain from using this package or pin to Setuptools<81.
  import pkg_resources
Designing protein from this path: /work3/kiersum/projects/enzyme_design/hydrolases/serine_hydrolase/rd1/diffusion_out/5XH3/5XH3_5XH3_3_model_0.cif.gz
These residues will be redesigned:  ['A1', 'A2', 'A3', 'A4', 'A5', 'A6', 'A7', 'A8', 'A9', 'A10', 'A11', 'A12', 'A13', 'A14', 'A15', 'A16', 'A17', 'A18', 'A19', 'A20', 'A21', 'A22', 'A23', 'A24', 'A25', 'A26', 'A27', 'A28', 'A29', 'A30', 'A31', 'A32', 'A33', 'A34', 'A35', 'A36', 'A37', 'A38', 'A39', 'A40', 'A41', 'A42', 'A43', 'A44', 'A45', 'A46', 'A47', 'A48', 'A49', 'A50', 'A51', 'A52', 'A53', 'A54', 'A55', 'A56', 'A57', 'A58', 'A59', 'A60', 'A61', 'A62', 'A63', 'A64', 'A65', 'A66', 'A67', 'A68', 'A69', 'A70', 'A71', 'A72', 'A73', 'A74', 'A75', 'A76', 'A77', 'A78', 'A79', 'A81', 'A82', 'A83', 'A84', 'A85', 'A86', 'A87', 'A88', 'A89', 'A90', 'A91', 'A92', 'A93', 'A94', 'A95', 'A96', 'A97', 'A98', 'A99', 'A100', 'A101', 'A102', 'A103', 'A104', 'A105', 'A106', 'A107', 'A108', 'A109', 'A111', 'A112', 'A113', 'A114', 'A115', 'A116', 'A117', 'A118', 'A119', 'A120', 'A121', 'A122', 'A123', 'A124', 'A125', 'A126', 'A127', 'A128', 'A129', 'A130', 'A131', 'A132', 'A133', 'A134', 'A135', 'A136', 'A137', 'A138', 'A139', 'A140', 'A141', 'A142', 'A144', 'A145', 'A146', 'A147', 'A148', 'A149', 'A150', 'A151', 'A152', 'A153', 'A154', 'A155', 'A156', 'A157', 'A158', 'A159', 'A160', 'A161', 'A162', 'A163', 'A164', 'A165', 'A166', 'A167', 'A168', 'A169', 'A170', 'A171', 'A172', 'A173', 'A174', 'A175', 'A176', 'A177', 'A178', 'A179', 'A180', 'A181', 'A182', 'A183']
These residues will be fixed:  ['A80', 'A110', 'A143']
The number of ligand atoms parsed is equal to: 16
Type: C, Coords [-2.234375 -5.5       4.53125 ], Mask 1
Type: O, Coords [-1.5234375 -4.65625    3.640625 ], Mask 1
Type: C, Coords [-2.078125 -4.5       2.359375], Mask 1
Type: O, Coords [-3.125    -5.03125   2.109375], Mask 1
Type: C, Coords [-1.4765625 -3.46875    1.4453125], Mask 1
Type: C, Coords [-0.34375  -2.796875  1.859375], Mask 1
Type: C, Coords [ 0.20800781 -1.859375    0.984375  ], Mask 1
Type: C, Coords [-0.39257812 -1.5390625  -0.22851562], Mask 1
Type: C, Coords [ 0.13769531 -0.3203125  -1.0078125 ], Mask 1
Type: O, Coords [ 1.2109375  -0.33007812 -1.5078125 ], Mask 1
Type: O, Coords [-0.72265625  0.77734375 -1.171875  ], Mask 1
Type: C, Coords [-0.40625    2.        -1.7265625], Mask 1
Type: C, Coords [-1.4375    2.140625 -2.8125  ], Mask 1
Type: O, Coords [-0.70703125  2.546875   -3.90625   ], Mask 1
Type: C, Coords [-1.5859375  -2.140625   -0.61328125], Mask 1
Type: C, Coords [-2.109375   -3.125       0.23339844], Mask 1
This is LSF task 1, run number 6
/dtu/projects/dbl/LigandMPNN/25.3.1-0/miniforge3/envs/ligandmpnn_env/lib/python3.11/site-packages/prody/utilities/misctools.py:424: UserWarning: pkg_resources is deprecated as an API. See https://setuptools.pypa.io/en/latest/pkg_resources.html. The pkg_resources package is slated for removal as early as 2025-11-30. Refrain from using this package or pin to Setuptools<81.
  import pkg_resources
Designing protein from this path: /work3/kiersum/projects/enzyme_design/hydrolases/serine_hydrolase/rd1/diffusion_out/5XH3/5XH3_5XH3_3_model_1.cif.gz
These residues will be redesigned:  ['A1', 'A2', 'A3', 'A4', 'A5', 'A6', 'A7', 'A8', 'A9', 'A10', 'A11', 'A12', 'A13', 'A14', 'A15', 'A16', 'A17', 'A18', 'A19', 'A20', 'A21', 'A22', 'A23', 'A24', 'A25', 'A26', 'A27', 'A28', 'A29', 'A30', 'A31', 'A32', 'A33', 'A34', 'A35', 'A36', 'A37', 'A38', 'A39', 'A40', 'A41', 'A42', 'A43', 'A44', 'A45', 'A46', 'A47', 'A48', 'A49', 'A50', 'A51', 'A52', 'A53', 'A54', 'A55', 'A56', 'A57', 'A58', 'A59', 'A60', 'A61', 'A62', 'A63', 'A64', 'A65', 'A66', 'A67', 'A68', 'A69', 'A70', 'A71', 'A72', 'A73', 'A74', 'A75', 'A76', 'A77', 'A78', 'A79', 'A81', 'A82', 'A83', 'A84', 'A85', 'A86', 'A87', 'A88', 'A89', 'A90', 'A91', 'A92', 'A93', 'A94', 'A95', 'A96', 'A97', 'A98', 'A99', 'A100', 'A101', 'A102', 'A103', 'A104', 'A105', 'A106', 'A107', 'A108', 'A109', 'A111', 'A112', 'A113', 'A114', 'A115', 'A116', 'A117', 'A118', 'A119', 'A120', 'A121', 'A122', 'A123', 'A124', 'A125', 'A126', 'A127', 'A128', 'A129', 'A130', 'A131', 'A132', 'A133', 'A134', 'A135', 'A136', 'A137', 'A138', 'A139', 'A140', 'A141', 'A142', 'A144', 'A145', 'A146', 'A147', 'A148', 'A149', 'A150', 'A151', 'A152', 'A153', 'A154', 'A155', 'A156', 'A157', 'A158', 'A159', 'A160', 'A161', 'A162', 'A163', 'A164', 'A165', 'A166', 'A167', 'A168', 'A169', 'A170', 'A171', 'A172', 'A173', 'A174', 'A175', 'A176', 'A177', 'A178', 'A179', 'A180', 'A181', 'A182', 'A183']
These residues will be fixed:  ['A80', 'A110', 'A143']
The number of ligand atoms parsed is equal to: 16
Type: C, Coords [-2.234375 -5.5       4.53125 ], Mask 1
Type: O, Coords [-1.5234375 -4.65625    3.640625 ], Mask 1
Type: C, Coords [-2.078125 -4.5       2.359375], Mask 1
Type: O, Coords [-3.125    -5.03125   2.109375], Mask 1
Type: C, Coords [-1.4765625 -3.46875    1.4453125], Mask 1
Type: C, Coords [-0.34375  -2.796875  1.859375], Mask 1
Type: C, Coords [ 0.20800781 -1.859375    0.984375  ], Mask 1
Type: C, Coords [-0.39257812 -1.5390625  -0.22851562], Mask 1
Type: C, Coords [ 0.13769531 -0.3203125  -1.0078125 ], Mask 1
Type: O, Coords [ 1.2109375  -0.33007812 -1.5078125 ], Mask 1
Type: O, Coords [-0.72265625  0.77734375 -1.171875  ], Mask 1
Type: C, Coords [-0.40625    2.        -1.7265625], Mask 1
Type: C, Coords [-1.4375    2.140625 -2.8125  ], Mask 1
Type: O, Coords [-0.70703125  2.546875   -3.90625   ], Mask 1
Type: C, Coords [-1.5859375  -2.140625   -0.61328125], Mask 1
Type: C, Coords [-2.109375   -3.125       0.23339844], Mask 1
This is LSF task 1, run number 7
/dtu/projects/dbl/LigandMPNN/25.3.1-0/miniforge3/envs/ligandmpnn_env/lib/python3.11/site-packages/prody/utilities/misctools.py:424: UserWarning: pkg_resources is deprecated as an API. See https://setuptools.pypa.io/en/latest/pkg_resources.html. The pkg_resources package is slated for removal as early as 2025-11-30. Refrain from using this package or pin to Setuptools<81.
  import pkg_resources
Designing protein from this path: /work3/kiersum/projects/enzyme_design/hydrolases/serine_hydrolase/rd1/diffusion_out/5XH3/5XH3_5XH3_4_model_0.cif.gz
These residues will be redesigned:  ['A1', 'A2', 'A3', 'A4', 'A5', 'A6', 'A7', 'A8', 'A9', 'A10', 'A11', 'A12', 'A13', 'A14', 'A15', 'A16', 'A17', 'A18', 'A19', 'A20', 'A21', 'A22', 'A23', 'A24', 'A25', 'A26', 'A27', 'A28', 'A29', 'A30', 'A31', 'A32', 'A33', 'A34', 'A35', 'A36', 'A37', 'A38', 'A39', 'A40', 'A41', 'A42', 'A43', 'A44', 'A45', 'A46', 'A47', 'A48', 'A49', 'A50', 'A51', 'A52', 'A53', 'A54', 'A55', 'A56', 'A57', 'A58', 'A59', 'A60', 'A61', 'A62', 'A63', 'A64', 'A65', 'A66', 'A67', 'A68', 'A69', 'A70', 'A71', 'A72', 'A73', 'A74', 'A75', 'A76', 'A77', 'A78', 'A79', 'A80', 'A81', 'A82', 'A83', 'A84', 'A85', 'A86', 'A87', 'A88', 'A89', 'A90', 'A91', 'A92', 'A93', 'A94', 'A95', 'A96', 'A97', 'A98', 'A99', 'A100', 'A101', 'A102', 'A103', 'A105', 'A106', 'A107', 'A108', 'A109', 'A110', 'A111', 'A112', 'A113', 'A114', 'A115', 'A116', 'A117', 'A118', 'A119', 'A120', 'A121', 'A122', 'A123', 'A124', 'A125', 'A126', 'A127', 'A128', 'A129', 'A131', 'A132', 'A133', 'A134', 'A135', 'A136', 'A137', 'A138', 'A139', 'A140', 'A141', 'A142', 'A143', 'A144', 'A145', 'A146', 'A147', 'A148', 'A149', 'A150', 'A151', 'A152', 'A153', 'A154', 'A155', 'A156', 'A158', 'A159', 'A160', 'A161', 'A162', 'A163', 'A164', 'A165', 'A166', 'A167', 'A168', 'A169', 'A170', 'A171', 'A172', 'A173', 'A174', 'A175', 'A176', 'A177', 'A178', 'A179', 'A180', 'A181', 'A182', 'A183', 'A184', 'A185', 'A186', 'A187', 'A188', 'A189', 'A190', 'A191', 'A192', 'A193', 'A194', 'A195', 'A196', 'A197', 'A198', 'A199', 'A200', 'A201', 'A202', 'A203', 'A204', 'A205', 'A206', 'A207', 'A208', 'A209', 'A210', 'A211', 'A212', 'A213', 'A214', 'A215', 'A216', 'A217']
These residues will be fixed:  ['A104', 'A130', 'A157']
The number of ligand atoms parsed is equal to: 16
Type: C, Coords [-2.234375 -5.5       4.53125 ], Mask 1
Type: O, Coords [-1.5234375 -4.65625    3.640625 ], Mask 1
Type: C, Coords [-2.078125 -4.5       2.359375], Mask 1
Type: O, Coords [-3.125    -5.03125   2.109375], Mask 1
Type: C, Coords [-1.4765625 -3.46875    1.4453125], Mask 1
Type: C, Coords [-0.34375  -2.796875  1.859375], Mask 1
Type: C, Coords [ 0.20800781 -1.859375    0.984375  ], Mask 1
Type: C, Coords [-0.39257812 -1.5390625  -0.22851562], Mask 1
Type: C, Coords [ 0.13769531 -0.3203125  -1.0078125 ], Mask 1
Type: O, Coords [ 1.2109375  -0.33007812 -1.5078125 ], Mask 1
Type: O, Coords [-0.72265625  0.77734375 -1.171875  ], Mask 1
Type: C, Coords [-0.40625    2.        -1.7265625], Mask 1
Type: C, Coords [-1.4375    2.140625 -2.8125  ], Mask 1
Type: O, Coords [-0.70703125  2.546875   -3.90625   ], Mask 1
Type: C, Coords [-1.5859375  -2.140625   -0.61328125], Mask 1
Type: C, Coords [-2.109375   -3.125       0.23339844], Mask 1
This is LSF task 1, run number 8
/dtu/projects/dbl/LigandMPNN/25.3.1-0/miniforge3/envs/ligandmpnn_env/lib/python3.11/site-packages/prody/utilities/misctools.py:424: UserWarning: pkg_resources is deprecated as an API. See https://setuptools.pypa.io/en/latest/pkg_resources.html. The pkg_resources package is slated for removal as early as 2025-11-30. Refrain from using this package or pin to Setuptools<81.
  import pkg_resources
Designing protein from this path: /work3/kiersum/projects/enzyme_design/hydrolases/serine_hydrolase/rd1/diffusion_out/5XH3/5XH3_5XH3_4_model_1.cif.gz
These residues will be redesigned:  ['A1', 'A2', 'A3', 'A4', 'A5', 'A6', 'A7', 'A8', 'A9', 'A10', 'A11', 'A12', 'A13', 'A14', 'A15', 'A16', 'A17', 'A18', 'A19', 'A20', 'A21', 'A22', 'A23', 'A24', 'A25', 'A26', 'A27', 'A28', 'A29', 'A30', 'A31', 'A32', 'A33', 'A34', 'A35', 'A36', 'A37', 'A38', 'A39', 'A40', 'A41', 'A42', 'A43', 'A44', 'A45', 'A46', 'A47', 'A48', 'A49', 'A50', 'A51', 'A52', 'A53', 'A54', 'A55', 'A56', 'A57', 'A58', 'A59', 'A60', 'A61', 'A62', 'A63', 'A64', 'A65', 'A66', 'A67', 'A68', 'A69', 'A70', 'A71', 'A72', 'A73', 'A74', 'A75', 'A76', 'A77', 'A78', 'A79', 'A80', 'A81', 'A82', 'A83', 'A84', 'A85', 'A86', 'A87', 'A88', 'A89', 'A90', 'A91', 'A92', 'A93', 'A94', 'A95', 'A96', 'A97', 'A98', 'A99', 'A100', 'A101', 'A102', 'A103', 'A105', 'A106', 'A107', 'A108', 'A109', 'A110', 'A111', 'A112', 'A113', 'A114', 'A115', 'A116', 'A117', 'A118', 'A119', 'A120', 'A121', 'A122', 'A123', 'A124', 'A125', 'A126', 'A127', 'A128', 'A129', 'A131', 'A132', 'A133', 'A134', 'A135', 'A136', 'A137', 'A138', 'A139', 'A140', 'A141', 'A142', 'A143', 'A144', 'A145', 'A146', 'A147', 'A148', 'A149', 'A150', 'A151', 'A152', 'A153', 'A154', 'A155', 'A156', 'A158', 'A159', 'A160', 'A161', 'A162', 'A163', 'A164', 'A165', 'A166', 'A167', 'A168', 'A169', 'A170', 'A171', 'A172', 'A173', 'A174', 'A175', 'A176', 'A177', 'A178', 'A179', 'A180', 'A181', 'A182', 'A183', 'A184', 'A185', 'A186', 'A187', 'A188', 'A189', 'A190', 'A191', 'A192', 'A193', 'A194', 'A195', 'A196', 'A197', 'A198', 'A199', 'A200', 'A201', 'A202', 'A203', 'A204', 'A205', 'A206', 'A207', 'A208', 'A209', 'A210', 'A211', 'A212', 'A213', 'A214', 'A215', 'A216', 'A217']
These residues will be fixed:  ['A104', 'A130', 'A157']
The number of ligand atoms parsed is equal to: 16
Type: C, Coords [-2.234375 -5.5       4.53125 ], Mask 1
Type: O, Coords [-1.5234375 -4.65625    3.640625 ], Mask 1
Type: C, Coords [-2.078125 -4.5       2.359375], Mask 1
Type: O, Coords [-3.125    -5.03125   2.109375], Mask 1
Type: C, Coords [-1.4765625 -3.46875    1.4453125], Mask 1
Type: C, Coords [-0.34375  -2.796875  1.859375], Mask 1
Type: C, Coords [ 0.20800781 -1.859375    0.984375  ], Mask 1
Type: C, Coords [-0.39257812 -1.5390625  -0.22851562], Mask 1
Type: C, Coords [ 0.13769531 -0.3203125  -1.0078125 ], Mask 1
Type: O, Coords [ 1.2109375  -0.33007812 -1.5078125 ], Mask 1
Type: O, Coords [-0.72265625  0.77734375 -1.171875  ], Mask 1
Type: C, Coords [-0.40625    2.        -1.7265625], Mask 1
Type: C, Coords [-1.4375    2.140625 -2.8125  ], Mask 1
Type: O, Coords [-0.70703125  2.546875   -3.90625   ], Mask 1
Type: C, Coords [-1.5859375  -2.140625   -0.61328125], Mask 1
Type: C, Coords [-2.109375   -3.125       0.23339844], Mask 1
This is LSF task 1, run number 9
/dtu/projects/dbl/LigandMPNN/25.3.1-0/miniforge3/envs/ligandmpnn_env/lib/python3.11/site-packages/prody/utilities/misctools.py:424: UserWarning: pkg_resources is deprecated as an API. See https://setuptools.pypa.io/en/latest/pkg_resources.html. The pkg_resources package is slated for removal as early as 2025-11-30. Refrain from using this package or pin to Setuptools<81.
  import pkg_resources
Designing protein from this path: /work3/kiersum/projects/enzyme_design/hydrolases/serine_hydrolase/rd1/diffusion_out/5XH3/5XH3_5XH3_5_model_0.cif.gz
These residues will be redesigned:  ['A1', 'A2', 'A3', 'A4', 'A5', 'A6', 'A7', 'A8', 'A9', 'A10', 'A11', 'A12', 'A13', 'A14', 'A15', 'A16', 'A17', 'A18', 'A19', 'A20', 'A21', 'A22', 'A23', 'A24', 'A25', 'A26', 'A27', 'A28', 'A29', 'A30', 'A31', 'A32', 'A33', 'A34', 'A35', 'A36', 'A37', 'A38', 'A39', 'A40', 'A41', 'A42', 'A43', 'A44', 'A45', 'A46', 'A47', 'A48', 'A49', 'A50', 'A51', 'A52', 'A53', 'A54', 'A55', 'A56', 'A57', 'A58', 'A59', 'A60', 'A61', 'A62', 'A63', 'A64', 'A65', 'A66', 'A67', 'A68', 'A69', 'A70', 'A71', 'A72', 'A73', 'A74', 'A75', 'A76', 'A77', 'A78', 'A79', 'A80', 'A81', 'A82', 'A83', 'A84', 'A85', 'A86', 'A87', 'A88', 'A89', 'A90', 'A91', 'A92', 'A93', 'A94', 'A95', 'A97', 'A98', 'A99', 'A100', 'A101', 'A102', 'A103', 'A104', 'A105', 'A106', 'A107', 'A108', 'A109', 'A110', 'A111', 'A112', 'A113', 'A114', 'A115', 'A116', 'A117', 'A118', 'A119', 'A120', 'A121', 'A122', 'A123', 'A124', 'A125', 'A126', 'A127', 'A128', 'A129', 'A130', 'A131', 'A132', 'A133', 'A134', 'A135', 'A136', 'A138', 'A139', 'A140', 'A141', 'A142', 'A143', 'A144', 'A145', 'A146', 'A147', 'A148', 'A149', 'A150', 'A151', 'A152', 'A153', 'A154', 'A155', 'A156', 'A157', 'A158', 'A159', 'A160', 'A161', 'A162', 'A163', 'A164', 'A165', 'A166', 'A167', 'A168', 'A169', 'A170', 'A171', 'A172', 'A173', 'A174', 'A175', 'A176', 'A177', 'A179', 'A180', 'A181', 'A182', 'A183', 'A184', 'A185', 'A186', 'A187', 'A188', 'A189', 'A190', 'A191', 'A192', 'A193', 'A194', 'A195', 'A196', 'A197', 'A198', 'A199', 'A200', 'A201', 'A202', 'A203', 'A204', 'A205', 'A206', 'A207', 'A208', 'A209', 'A210', 'A211', 'A212', 'A213', 'A214', 'A215', 'A216', 'A217', 'A218', 'A219', 'A220', 'A221', 'A222', 'A223', 'A224', 'A225', 'A226', 'A227', 'A228']
These residues will be fixed:  ['A96', 'A137', 'A178']
The number of ligand atoms parsed is equal to: 16
Type: C, Coords [-2.234375 -5.5       4.53125 ], Mask 1
Type: O, Coords [-1.5234375 -4.65625    3.640625 ], Mask 1
Type: C, Coords [-2.078125 -4.5       2.359375], Mask 1
Type: O, Coords [-3.125    -5.03125   2.109375], Mask 1
Type: C, Coords [-1.4765625 -3.46875    1.4453125], Mask 1
Type: C, Coords [-0.34375  -2.796875  1.859375], Mask 1
Type: C, Coords [ 0.20800781 -1.859375    0.984375  ], Mask 1
Type: C, Coords [-0.39257812 -1.5390625  -0.22851562], Mask 1
Type: C, Coords [ 0.13769531 -0.3203125  -1.0078125 ], Mask 1
Type: O, Coords [ 1.2109375  -0.33007812 -1.5078125 ], Mask 1
Type: O, Coords [-0.72265625  0.77734375 -1.171875  ], Mask 1
Type: C, Coords [-0.40625    2.        -1.7265625], Mask 1
Type: C, Coords [-1.4375    2.140625 -2.8125  ], Mask 1
Type: O, Coords [-0.70703125  2.546875   -3.90625   ], Mask 1
Type: C, Coords [-1.5859375  -2.140625   -0.61328125], Mask 1
Type: C, Coords [-2.109375   -3.125       0.23339844], Mask 1
This is LSF task 1, run number 10
/dtu/projects/dbl/LigandMPNN/25.3.1-0/miniforge3/envs/ligandmpnn_env/lib/python3.11/site-packages/prody/utilities/misctools.py:424: UserWarning: pkg_resources is deprecated as an API. See https://setuptools.pypa.io/en/latest/pkg_resources.html. The pkg_resources package is slated for removal as early as 2025-11-30. Refrain from using this package or pin to Setuptools<81.
  import pkg_resources
Designing protein from this path: /work3/kiersum/projects/enzyme_design/hydrolases/serine_hydrolase/rd1/diffusion_out/5XH3/5XH3_5XH3_5_model_1.cif.gz
These residues will be redesigned:  ['A1', 'A2', 'A3', 'A4', 'A5', 'A6', 'A7', 'A8', 'A9', 'A10', 'A11', 'A12', 'A13', 'A14', 'A15', 'A16', 'A17', 'A18', 'A19', 'A20', 'A21', 'A22', 'A23', 'A24', 'A25', 'A26', 'A27', 'A28', 'A29', 'A30', 'A31', 'A32', 'A33', 'A34', 'A35', 'A36', 'A37', 'A38', 'A39', 'A40', 'A41', 'A42', 'A43', 'A44', 'A45', 'A46', 'A47', 'A48', 'A49', 'A50', 'A51', 'A52', 'A53', 'A54', 'A55', 'A56', 'A57', 'A58', 'A59', 'A60', 'A61', 'A62', 'A63', 'A64', 'A65', 'A66', 'A67', 'A68', 'A69', 'A70', 'A71', 'A72', 'A73', 'A74', 'A75', 'A76', 'A77', 'A78', 'A79', 'A80', 'A81', 'A82', 'A83', 'A84', 'A85', 'A86', 'A87', 'A88', 'A89', 'A90', 'A91', 'A92', 'A93', 'A94', 'A95', 'A97', 'A98', 'A99', 'A100', 'A101', 'A102', 'A103', 'A104', 'A105', 'A106', 'A107', 'A108', 'A109', 'A110', 'A111', 'A112', 'A113', 'A114', 'A115', 'A116', 'A117', 'A118', 'A119', 'A120', 'A121', 'A122', 'A123', 'A124', 'A125', 'A126', 'A127', 'A128', 'A129', 'A130', 'A131', 'A132', 'A133', 'A134', 'A135', 'A136', 'A138', 'A139', 'A140', 'A141', 'A142', 'A143', 'A144', 'A145', 'A146', 'A147', 'A148', 'A149', 'A150', 'A151', 'A152', 'A153', 'A154', 'A155', 'A156', 'A157', 'A158', 'A159', 'A160', 'A161', 'A162', 'A163', 'A164', 'A165', 'A166', 'A167', 'A168', 'A169', 'A170', 'A171', 'A172', 'A173', 'A174', 'A175', 'A176', 'A177', 'A179', 'A180', 'A181', 'A182', 'A183', 'A184', 'A185', 'A186', 'A187', 'A188', 'A189', 'A190', 'A191', 'A192', 'A193', 'A194', 'A195', 'A196', 'A197', 'A198', 'A199', 'A200', 'A201', 'A202', 'A203', 'A204', 'A205', 'A206', 'A207', 'A208', 'A209', 'A210', 'A211', 'A212', 'A213', 'A214', 'A215', 'A216', 'A217', 'A218', 'A219', 'A220', 'A221', 'A222', 'A223', 'A224', 'A225', 'A226', 'A227', 'A228']
These residues will be fixed:  ['A96', 'A137', 'A178']
The number of ligand atoms parsed is equal to: 16
Type: C, Coords [-2.234375 -5.5       4.53125 ], Mask 1
Type: O, Coords [-1.5234375 -4.65625    3.640625 ], Mask 1
Type: C, Coords [-2.078125 -4.5       2.359375], Mask 1
Type: O, Coords [-3.125    -5.03125   2.109375], Mask 1
Type: C, Coords [-1.4765625 -3.46875    1.4453125], Mask 1
Type: C, Coords [-0.34375  -2.796875  1.859375], Mask 1
Type: C, Coords [ 0.20800781 -1.859375    0.984375  ], Mask 1
Type: C, Coords [-0.39257812 -1.5390625  -0.22851562], Mask 1
Type: C, Coords [ 0.13769531 -0.3203125  -1.0078125 ], Mask 1
Type: O, Coords [ 1.2109375  -0.33007812 -1.5078125 ], Mask 1
Type: O, Coords [-0.72265625  0.77734375 -1.171875  ], Mask 1
Type: C, Coords [-0.40625    2.        -1.7265625], Mask 1
Type: C, Coords [-1.4375    2.140625 -2.8125  ], Mask 1
Type: O, Coords [-0.70703125  2.546875   -3.90625   ], Mask 1
Type: C, Coords [-1.5859375  -2.140625   -0.61328125], Mask 1
Type: C, Coords [-2.109375   -3.125       0.23339844], Mask 1
