Processing: /work3/marhr/Projects/dbl/binder_design_pipeline/CLR_RAMP1/exp_01/diffusion_out/CLR_RAMP1_rfd3_test_CLR_RAMP1_test_0_model_1.cif.gz
Designing protein from this path: /work3/marhr/Projects/dbl/binder_design_pipeline/CLR_RAMP1/exp_01/diffusion_out/CLR_RAMP1_rfd3_test_CLR_RAMP1_test_0_model_1.cif.gz
These residues will be redesigned:  ['A1', 'A2', 'A3', 'A4', 'A5', 'A6', 'A7', 'A8', 'A9', 'A10', 'A11', 'A12', 'A13', 'A14', 'A15', 'A16', 'A17', 'A18', 'A19', 'A20', 'A21', 'A22', 'A23', 'A24', 'A25', 'A26', 'A27', 'A28', 'A29', 'A30', 'A31', 'A32', 'A33', 'A34', 'A35', 'A36', 'A37', 'A38', 'A39', 'A40', 'A41', 'A42', 'A43', 'A44', 'A45', 'A46', 'A47', 'A48', 'A49', 'A50', 'A51', 'A52', 'A53', 'A54', 'A55', 'A56', 'A57', 'A58', 'A59', 'A60', 'A61', 'A62', 'A63', 'A64', 'A65', 'A66', 'A67', 'A68', 'A69', 'A70', 'A71', 'A72', 'A73', 'A74', 'A75', 'A76', 'A77', 'A78', 'A79', 'A80', 'A81', 'A82', 'A83', 'A84', 'A85', 'A86', 'A87', 'A88', 'A89', 'A90', 'A91', 'A92', 'A93', 'A94', 'A95', 'A96', 'A97', 'A98', 'A99', 'A100', 'A101', 'A102', 'A103', 'A104', 'A105', 'A106', 'A107', 'A108', 'A109', 'A110', 'A111', 'A112', 'A113', 'A114', 'A115', 'A116', 'A117', 'A118', 'A119', 'A120', 'A121', 'A122']
These residues will be fixed:  ['B1', 'B2', 'B3', 'B4', 'B5', 'B6', 'B7', 'B8', 'B9', 'B10', 'B11', 'B12', 'B13', 'B14', 'B15', 'B16', 'B17', 'B18', 'B19', 'B20', 'B21', 'B22', 'B23', 'B24', 'B25', 'B26', 'B27', 'B28', 'B29', 'B30', 'B31', 'B32', 'B33', 'B34', 'B35', 'B36', 'B37', 'B38', 'B39', 'B40', 'B41', 'B42', 'B43', 'B44', 'B45', 'B46', 'B47', 'B48', 'B49', 'B50', 'B51', 'B52', 'B53', 'B54', 'B55', 'B56', 'B57', 'B58', 'B59', 'B60', 'B61', 'B62', 'B63', 'B64', 'B65', 'B66', 'B67', 'B68', 'B69', 'B70', 'B71', 'B72', 'B73', 'B74', 'B75', 'B76', 'B77', 'B78', 'B79', 'B80', 'B81', 'B82', 'B83', 'B84', 'B85', 'B86', 'B87', 'B88', 'B89', 'B90', 'B91', 'B92', 'B93', 'B94', 'B95', 'B96', 'B97', 'B98', 'B99', 'B100', 'B101', 'B102', 'B103', 'B104', 'B105', 'B106', 'B107', 'B108', 'B109', 'B110', 'B111', 'B112', 'B113', 'B114', 'B115', 'B116', 'B117', 'B118', 'B119', 'B120', 'B121', 'B122', 'B123', 'B124', 'B125', 'B126', 'B127', 'B128', 'B129', 'B130', 'B131', 'B132', 'B133', 'B134', 'B135', 'B136', 'B137', 'B138', 'B139', 'B140', 'B141', 'B142', 'B143', 'B144', 'B145', 'B146', 'B147', 'B148', 'B149', 'B150', 'B151', 'B152', 'B153', 'B154', 'B155', 'B156', 'B157', 'B158', 'B159', 'B160', 'B161', 'B162', 'B163', 'B164', 'B165', 'B166', 'B167', 'B168', 'B169', 'C1', 'C2', 'C3', 'C4', 'C5', 'C6', 'C7', 'C8', 'C9', 'C10', 'C11', 'C12', 'C13', 'C14', 'C15', 'C16', 'C17', 'C18', 'C19', 'C20', 'C21', 'C22', 'C23', 'C24', 'C25', 'C26', 'C27', 'C28', 'C29', 'C30', 'C31', 'C32', 'C33', 'C34', 'C35', 'C36', 'C37', 'C38', 'C39', 'C40', 'C41', 'C42', 'C43', 'C44', 'C45', 'C46', 'C47', 'C48', 'C49', 'C50', 'C51', 'C52', 'C53', 'C54', 'C55', 'C56', 'C57', 'C58', 'C59', 'C60', 'C61', 'C62', 'C63', 'C64', 'C65', 'C66', 'C67', 'C68', 'C69', 'C70', 'C71', 'C72', 'C73', 'C74', 'C75', 'C76', 'C77', 'C78', 'C79', 'C80', 'C81', 'C82', 'C83', 'C84', 'C85', 'C86', 'C87', 'C88', 'C89', 'C90', 'C91', 'C92']
No ligand atoms parsed
Completed: /work3/marhr/Projects/dbl/binder_design_pipeline/CLR_RAMP1/exp_01/diffusion_out/CLR_RAMP1_rfd3_test_CLR_RAMP1_test_0_model_1.cif.gz
Array job 1 completed at Sat Jan 10 15:38:31 CET 2026

------------------------------------------------------------
Sender: LSF System <lsfadmin@hpc.dtu.dk>
Subject: Job 27593570[1]: <mpnn[1-1]> in cluster <dcc> Done

Job <mpnn[1-1]> was submitted from host <hpclogin1> by user <marhr> in cluster <dcc> at Sat Jan 10 15:38:11 2026
Job was executed on host(s) <4*n-62-30-24>, in queue <hpc>, as user <marhr> in cluster <dcc> at Sat Jan 10 15:38:12 2026
</zhome/6a/1/227894> was used as the home directory.
</dtu/projects/dbl/LigandMPNN/25.3.1-0/miniforge3/bin> was used as the working directory.
Started at Sat Jan 10 15:38:12 2026
Terminated at Sat Jan 10 15:38:31 2026
Results reported at Sat Jan 10 15:38:31 2026

Your job looked like:

------------------------------------------------------------
# LSBATCH: User input
#!/bin/sh
### General options
#BSUB -q hpc
#BSUB -J mpnn[1-1]
#BSUB -n 4
#BSUB -W 2:00
#BSUB -R "rusage[mem=10GB]"
#BSUB -o /work3/marhr/Projects/dbl/binder_design_pipeline/CLR_RAMP1/exp_01/logs//mpnn_%J_%I.out
#BSUB -e /work3/marhr/Projects/dbl/binder_design_pipeline/CLR_RAMP1/exp_01/logs//mpnn_%J_%I.err
# -- end of LSF options --

# Ensure logs directory exists
mkdir -p "/work3/marhr/Projects/dbl/binder_design_pipeline/CLR_RAMP1/exp_01/logs/"

# Activate environment
source /dtu/projects/dbl/LigandMPNN/25.3.1-0//miniforge3/bin/activate ligandmpnn_env
export MPNN_PATH="/dtu/projects/dbl/LigandMPNN/25.3.1-0/"
export PYTHONPATH="${MPNN_PATH}:${PYTHONPATH:-}"

# Load file mapping for this array job
MAPPING_FILE="/work3/marhr/Projects/dbl/binder_design_pipeline/CLR_RAMP1/exp_01/submit/mpnn_file_mapping.json"
ARRAY_INDEX=$LSB_JOBINDEX

# Extract files for this array index from JSON
FILES=$(python3 -c "import json, sys; data=json.load(open(sys.argv[1])); print(' '.join(data['file_mapping'][str(sys.argv[2])]))" "$MAPPING_FILE" "$ARRAY_INDEX")

# Process each file assigned to this array job
for STRUCTURE_FILE in $FILES; do
    echo "Processing: $STRUCTURE_FILE"

    # Create output directory for this file
    BASENAME=$(basename "$STRUCTURE_FILE" .cif.gz)
    BASENAME=$(basename "$BASENAME" .pdb)
    OUT_DIR="/work3/marhr/Projects/dbl/binder_design_pipeline/CLR_RAMP1/exp_01/mpnn_out//${BASENAME}"
    mkdir -p "$OUT_DIR"

    # Run MPNN
    python "${MPNN_PATH}/run.py" \
        --seed 42 \
        --pdb_path "$STRUCTURE_FILE" \
        --out_folder "$OUT_DIR" \
        --batch_size 5 \
        --number_of_batches 1 \
        --model_type "protein_mpnn" \
        --checkpoint_protein_mpnn "/dtu/projects/dbl/LigandMPNN/25.3.1-0//model_params/proteinmpnn_v_48_020.pt" \
        --chains_to_design "A"

    echo "Completed: $STRUCTURE_FILE"
done


(... more ...)
------------------------------------------------------------

Successfully completed.

Resource usage summary:

    CPU time :                                   10.81 sec.
    Max Memory :                                 235 MB
    Average Memory :                             235.00 MB
    Total Requested Memory :                     40960.00 MB
    Delta Memory :                               40725.00 MB
    Max Swap :                                   -
    Max Processes :                              4
    Max Threads :                                5
    Run time :                                   24 sec.
    Turnaround time :                            20 sec.

The output (if any) is above this job summary.



PS:

Read file </work3/marhr/Projects/dbl/binder_design_pipeline/CLR_RAMP1/exp_01/logs//mpnn_27593570_1.err> for stderr output of this job.

